// Jest Snapshot v1, https://goo.gl/fbAQLP

exports[`Preubas en <HookApp /> Debe mostrar el componente correctamente 1`] = `
<div>
  <h1>
    Hola Mundo
  </h1>
</div>
`;
